"","Kingdom","Phylum","Class","Order","Family","Genus","Species"
"a6ee8bce3770378b412c9ed60fca06f2","Bacteria","Firmicutes","Bacilli","Staphylococcales","Staphylococcaceae","Staphylococcus","Staphylococcus(Genus)"
"4934e51533896fa6bac57236238343f5","Bacteria","Campilobacterota","Campylobacteria","Campylobacterales","Helicobacteraceae","Helicobacter","Helicobacter Helicobacter_pylori"
"9eaea0b5e4f6e509077bfbb3e1ad34fe","Bacteria","Firmicutes","Bacilli","Bacillales","Bacillaceae","Bacillus","Bacillus(Genus)"
"5d62e2990cadba2060aa7d86d2da20f8","Bacteria","Proteobacteria","Gammaproteobacteria","Pseudomonadales","Moraxellaceae","Acinetobacter","Acinetobacter(Genus)"
"57b566fb01ed27f42718b1e54a83418b","Bacteria","Firmicutes","Bacilli","Lactobacillales","Listeriaceae","Listeria","Listeria(Genus)"
"b811df24a63bbb42e1a92a07b2878dcd","Bacteria","Proteobacteria","Gammaproteobacteria","Burkholderiales","Neisseriaceae","Neisseria","Neisseria(Genus)"
"5f991ec2c5191ac2947b0f3c59fd0bd7","Bacteria","Firmicutes","Clostridia","Clostridiales","Clostridiaceae","Clostridium_sensu_stricto_1","Clostridium_sensu_stricto_1(Genus)"
"490592677ca7846b3f5c5bf23d23eb3e","Bacteria","Bacteroidota","Bacteroidia","Bacteroidales","Bacteroidaceae","Bacteroides","Bacteroides(Genus)"
"3f9e0c4f393bc0ab77fbf0ed8f59b7b5","Bacteria","Firmicutes","Bacilli","Lactobacillales","Streptococcaceae","Streptococcus","Streptococcus Streptococcus_mutans"
"ec6bdddf144b506608a4cdbbc41cc9d3","Bacteria","Proteobacteria","Gammaproteobacteria","Enterobacterales","Enterobacteriaceae","Escherichia-Shigella","Escherichia-Shigella(Genus)"
"031730bf9d33541e79b173f0dd610af5","Bacteria","Firmicutes","Bacilli","Lactobacillales","Enterococcaceae","Enterococcus","Enterococcus(Genus)"
"ccd1ce364f9c10a2e9d58be4326917c6","Bacteria","Deinococcota","Deinococci","Deinococcales","Deinococcaceae","Deinococcus","Deinococcus Deinococcus_radiodurans"
"1b7933c8a4cf4d7faa1fcfce636d84b7","Bacteria","Proteobacteria","Alphaproteobacteria","Rhodobacterales","Rhodobacteraceae","Rhodobacter","Rhodobacter(Genus)"
"9aa37ac54644c6ba4a481a0496a4bec6","Bacteria","Firmicutes","Bacilli","Lactobacillales","Lactobacillaceae","Lactobacillus","Lactobacillus(Genus)"
"26e76f880576c31a683c0cd583e0f948","Bacteria","Proteobacteria","Gammaproteobacteria","Pseudomonadales","Pseudomonadaceae","Pseudomonas","Pseudomonas(Genus)"
"433552cf4d2a922a444d34b45e51eb00","Bacteria","Firmicutes","Bacilli","Lactobacillales","Streptococcaceae","Streptococcus","Streptococcus Streptococcus_agalactiae"
"e70a9ca7879e90b070be137f7d72e042","Bacteria","Actinobacteriota","Actinobacteria","Actinomycetales","Actinomycetaceae","Actinomyces","Actinomyces(Genus)"
"e892879ecfe0d7dfd70cbacf9226dc96","Bacteria","Firmicutes","Bacilli","Lactobacillales","Streptococcaceae","Streptococcus","Streptococcus(Genus)"
"494667a6c0bc1efde04dcaab63383ec0","Bacteria","Actinobacteriota","Actinobacteria","Propionibacteriales","Propionibacteriaceae","Cutibacterium","Cutibacterium(Genus)"
"ed8b7928455c0cd7c3b46871ec1f859a","Bacteria","Firmicutes","Clostridia","Lachnospirales","Lachnospiraceae","Blautia","Blautia(Genus)"
"f89f3d1f4333a353e37ddb6cede83d9f","Bacteria","Firmicutes","Clostridia","Oscillospirales","Ruminococcaceae","Faecalibacterium","Faecalibacterium(Genus)"
"d3b1b6d8a392e1f52eceebcdb4d9d173","Bacteria","Bacteroidota","Bacteroidia","Bacteroidales","Prevotellaceae","Prevotella","Prevotella(Genus)"
"4cddfed97ed397e48febf56da534b2a7","Bacteria","Proteobacteria","Gammaproteobacteria","Gammaproteobacteria(Class)","Gammaproteobacteria(Class)","Gammaproteobacteria(Class)","Gammaproteobacteria(Class)"
"f0a99f591da5ea357f519648de1daf71","Bacteria","Firmicutes","Bacilli","Lactobacillales","Listeriaceae","Listeria","Listeria Listeria_marthii"
"37729864d4994b6b50b00b45ecbb2947","Bacteria","Bacteroidota","Bacteroidia","Bacteroidales","Bacteroidaceae","Bacteroides","Bacteroides(Genus)"
"dbcc57e9245b9623bf708c47d18fed41","Bacteria","Verrucomicrobiota","Verrucomicrobiae","Verrucomicrobiales","Akkermansiaceae","Akkermansia","Akkermansia Akkermansia_muciniphila"
"8110c68b896d295b5b93c658dd0569f7","Bacteria","Bacteroidota","Bacteroidia","Bacteroidales","Prevotellaceae","Alloprevotella","Alloprevotella(Genus)"
"41d21042e38b37b560463157d707f90b","Bacteria","Firmicutes","Bacilli","Erysipelotrichales","Erysipelatoclostridiaceae","Catenibacterium","Catenibacterium(Genus)"
"118d1f702d4490daf8aa4c041cd0eca3","Bacteria","Bacteroidota","Bacteroidia","Bacteroidales","Prevotellaceae","Prevotella","Prevotella(Genus)"
"4d42f9687dcc23dd6cfd60d0921ad9a1","Bacteria","Firmicutes","Clostridia","Lachnospirales","Lachnospiraceae","Lachnospiraceae_UCG-003","Lachnospiraceae_UCG-003 uncultured_bacterium"
"e028a0db64a79ab1ec86a07447ad726e","Bacteria","Firmicutes","Clostridia","Clostridiales","Clostridiaceae","Clostridium_sensu_stricto_1","Clostridium_sensu_stricto_1(Genus)"
"fbfca6b01e7423ea33ebe45bd84a5dcf","Bacteria","Bacteroidota","Bacteroidia","Bacteroidales","Rikenellaceae","Alistipes","Alistipes(Genus)"
"887e5ccd2a4f1f919edf035d0b723a06","Bacteria","Firmicutes","Clostridia","Lachnospirales","Lachnospiraceae","[Eubacterium]_xylanophilum_group","[Eubacterium]_xylanophilum_group uncultured_organism"
"f2f0d5b0190106b0c95225875b6a7019","Bacteria","Firmicutes","Clostridia","Lachnospirales","Lachnospiraceae","Blautia","Blautia(Genus)"
"ecfd875a593cf1e6665f15f0c5a6d46b","Bacteria","Firmicutes","Bacilli","Erysipelotrichales","Erysipelatoclostridiaceae","Erysipelotrichaceae_UCG-003","Erysipelotrichaceae_UCG-003(Genus)"
"da9f17dc3bec6657cd992b470ac8d7b4","Bacteria","Firmicutes","Clostridia","Clostridiales","Clostridiaceae","Clostridium_sensu_stricto_1","Clostridium_sensu_stricto_1(Genus)"
